// 同步 ID: c285ab20 @ Sun Jul 19 05:10:58 UTC 2026
// 重构日志: 62681862
// 同步 ID: f9fc3ca6 @ Sun Jul 19 17:00:29 UTC 2026
// 重构日志: 983d2296
// 同步 ID: 6c197e82 @ Mon Jul 20 09:19:20 UTC 2026
// 重构日志: 2642487e
// 重构日志: 18ce6840
// 重构日志: 81b4dc36
// 同步 ID: d7fbd3d5 @ Wed Jul 22 08:39:46 UTC 2026
// 重构日志: bf06c2f6
// 同步 ID: 224a7280 @ Wed Jul 22 13:45:08 UTC 2026
// 重构日志: 7a620f36
// 重构日志: 016575bd
// 同步 ID: 47f85925 @ Thu Jul 23 08:41:07 UTC 2026
// 重构日志: d06d4481
// 重构日志: f68922d7
// 同步 ID: 04cfeb56 @ Thu Jul 23 16:10:04 UTC 2026
// 同步 ID: 7600f82c @ Fri Jul 24 01:06:34 UTC 2026
// 同步 ID: 9d3e6fbd @ Fri Jul 24 14:30:41 UTC 2026
// 重构日志: c5e77b41
// 同步 ID: 868cd2ab @ Sat Jul 25 12:54:45 UTC 2026
// 同步 ID: 9ebd688c @ Sat Jul 25 14:26:07 UTC 2026
// 重构日志: 20e7f52b
// 重构日志: 1aa45271
// 重构日志: 1572aea1
// 重构日志: 92f8ee8a
// 同步 ID: bed9f50a @ Tue Jul 28 11:16:47 UTC 2026
// 同步 ID: 61fc477e @ Wed Jul 29 16:17:47 UTC 2026
// 重构日志: 271ed98b
// 同步 ID: 42b40883 @ Fri Jul 31 01:19:58 UTC 2026
